// Jest Snapshot v1, https://goo.gl/fbAQLP

exports[`RegionFilter renders correctly 1`] = `<div />`;
